
> app-metodo-itr@0.1.0 build
> next build

  Ôû▓ Next.js 14.2.0

   Creating an optimized production build ...
node.exe :  ÔÜá Compiled 
with warnings
No linha:1 caractere:1
+ & "C:\Program 
Files\nodejs/node.exe" 
"C:\Program 
Files\nodejs/node_mo ...
+ ~~~~~~~~~~~~~~~~~~~~~~~~
~~~~~~~~~~~~~~~~~~~~~~~~~~
~~~~~~~~~~~~~~~~~~~
    + CategoryInfo        
      : NotSpecified: (   
  ÔÜá Compiled with war   
 nings:String) [], Rem    
oteException
    + FullyQualifiedError 
   Id : NativeCommandErr  
  or
 

./src/app/(app)/app/vocabu
lary/page.tsx
Attempted import error: 
'setVocabularySprint' is 
not exported from 
'@/lib/srs' (imported as 
'setVocabularySprint').

Import trace for 
requested module:
./src/app/(app)/app/vocabu
lary/page.tsx

./src/components/profile/V
ocabularyMilestones.tsx
Attempted import error: 
'MILESTONES_COMMON' is 
not exported from 
'@/lib/srs' (imported as 
'MILESTONES_COMMON').

Import trace for 
requested module:
./src/components/profile/V
ocabularyMilestones.tsx
./src/app/(app)/app/perfil
/page.tsx

./src/components/profile/V
ocabularyMilestones.tsx
Attempted import error: 
'MILESTONES_MASTERY' is 
not exported from 
'@/lib/srs' (imported as 
'MILESTONES_MASTERY').

Import trace for 
requested module:
./src/components/profile/V
ocabularyMilestones.tsx
./src/app/(app)/app/perfil
/page.tsx

 ÔÜá Compiled with 
warnings

./src/app/(app)/app/perfil
/page.tsx
Attempted import error: 
'getDictionaryCount' is 
not exported from 
'@/lib/srs' (imported as 
'getDictionaryCount').

Import trace for 
requested module:
./src/app/(app)/app/perfil
/page.tsx

./src/app/(app)/app/vocabu
lary/page.tsx
Attempted import error: 
'getCurrentSprint' is not 
exported from '@/lib/srs' 
(imported as 
'getCurrentSprint').

Import trace for 
requested module:
./src/app/(app)/app/vocabu
lary/page.tsx

./src/app/(app)/app/vocabu
lary/page.tsx
Attempted import error: 
'setVocabularySprint' is 
not exported from 
'@/lib/srs' (imported as 
'setVocabularySprint').

Import trace for 
requested module:
./src/app/(app)/app/vocabu
lary/page.tsx

./src/components/layout/Ap
pWrapper.tsx
Attempted import error: 
'checkMasteryMilestone' 
is not exported from 
'@/lib/srs' (imported as 
'checkMasteryMilestone').

Import trace for 
requested module:
./src/components/layout/Ap
pWrapper.tsx

./src/components/layout/Ap
pWrapper.tsx
Attempted import error: 
'playMasterySound' is not 
exported from '@/lib/srs' 
(imported as 
'playMasterySound').

Import trace for 
requested module:
./src/components/layout/Ap
pWrapper.tsx

./src/components/profile/V
ocabularyMilestones.tsx
Attempted import error: 
'MILESTONES_COMMON' is 
not exported from 
'@/lib/srs' (imported as 
'MILESTONES_COMMON').

Import trace for 
requested module:
./src/components/profile/V
ocabularyMilestones.tsx
./src/app/(app)/app/perfil
/page.tsx

./src/components/profile/V
ocabularyMilestones.tsx
Attempted import error: 
'MILESTONES_MASTERY' is 
not exported from 
'@/lib/srs' (imported as 
'MILESTONES_MASTERY').

Import trace for 
requested module:
./src/components/profile/V
ocabularyMilestones.tsx
./src/app/(app)/app/perfil
/page.tsx

 Ô£ô Compiled successfully
   Linting and checking validity of types ...
Failed to compile.

./src/app/(app)/app/perfil
/page.tsx:4:69
Type error: '"@/lib/srs"' 
has no exported member 
named 
'getDictionaryCount'. Did 
you mean 'getDictionary'?

[0m [90m 2 |[39m[0m
[0m [90m 3 |[39m 
[36mimport[39m { 
useEffect[33m,[39m 
useState[33m,[39m 
useRef } [36mfrom[39m [
32m'react'[39m[33m;[39m
[0m
[0m[31m[1m>[22m[39m[
90m 4 |[39m 
[36mimport[39m { 
getUserProfile[33m,[39m 
saveUserProfile[33m,[39m
 getCards[33m,[39m 
getUserPatente[33m,[39m 
getDictionaryCount } 
[36mfrom[39m [32m'@/lib
/srs'[39m[33m;[39m[0m
[0m [90m   |[39m       
                          
                          
          
[31m[1m^[22m[39m[0m
[0m [90m 5 |[39m 
[36mimport[39m { 
[33mUserProfile[39m } 
[36mfrom[39m [32m'@/lib
/types'[39m[33m;[39m[0
m
[0m [90m 6 |[39m 
[36mimport[39m { 
motion[33m,[39m 
[33mAnimatePresence[39m 
} [36mfrom[39m [32m'fra
mer-motion'[39m[33m;[39
m[0m
[0m [90m 7 |[39m 
[36mimport[39m { [33mTr
ophy[39m[33m,[39m [33m
Sprout[39m[33m,[39m 
[33mLeaf[39m[33m,[39m 
[33mActivity[39m[33m,[
39m [33mShrub[39m[33m,
[39m [33mTrees[39m } 
[36mfrom[39m [32m'lucid
e-react'[39m[33m;[39m[
0m
