
> app-metodo-itr@0.1.0 build
> next build

  Ôû▓ Next.js 14.2.0

   Creating an optimized production build ...
node.exe : Failed to 
compile.
No linha:1 caractere:1
+ & "C:\Program 
Files\nodejs/node.exe" 
"C:\Program 
Files\nodejs/node_mo ...
+ ~~~~~~~~~~~~~~~~~~~~~~~~~
~~~~~~~~~~~~~~~~~~~~~~~~~~~
~~~~~~~~~~~~~~~~~
    + CategoryInfo         
     : NotSpecified: (Fai  
  led to compile.:String   
 ) [], RemoteException
    + FullyQualifiedErrorI 
   d : NativeCommandError
 

./src/components/landing/Ad
minLeads.jsx
Module not found: Can't 
resolve '../firebase'

https://nextjs.org/docs/mes
sages/module-not-found

Import trace for requested 
module:
./src/app/(landing)/admin/l
eads/page.tsx

./src/components/landing/ui
/travel-globe.jsx
Module not found: Can't 
resolve '../../lib/utils'

https://nextjs.org/docs/mes
sages/module-not-found

Import trace for requested 
module:
./src/components/landing/He
roPlus.jsx
./src/app/(landing)/page.ts
x


> Build failed because of 
webpack errors
